Archive member included to satisfy reference by file (symbol)

.\CortexM3\ARM_GCC_541\Debug\Lab2_control.a(giro1.o)
                              .\CortexM3\ARM_GCC_541\Debug\main.o (giro1_Write)
.\CortexM3\ARM_GCC_541\Debug\Lab2_control.a(giro2.o)
                              .\CortexM3\ARM_GCC_541\Debug\main.o (giro2_Write)
.\CortexM3\ARM_GCC_541\Debug\Lab2_control.a(CyLib.o)
                              .\CortexM3\ARM_GCC_541\Debug\Cm3Start.o (CyHalt)
.\CortexM3\ARM_GCC_541\Debug\Lab2_control.a(cyPm.o)
                              .\CortexM3\ARM_GCC_541\Debug\Lab2_control.a(CyLib.o) (CyPmReadStatus)
.\CortexM3\ARM_GCC_541\Debug\Lab2_control.a(PWM.o)
                              .\CortexM3\ARM_GCC_541\Debug\main.o (PWM_WriteCompare)
.\CortexM3\ARM_GCC_541\Debug\Lab2_control.a(UART_1.o)
                              .\CortexM3\ARM_GCC_541\Debug\main.o (UART_1_Start)
.\CortexM3\ARM_GCC_541\Debug\Lab2_control.a(isr_Timer.o)
                              .\CortexM3\ARM_GCC_541\Debug\main.o (isr_Timer_StartEx)
.\CortexM3\ARM_GCC_541\Debug\Lab2_control.a(UART_1_IntClock.o)
                              .\CortexM3\ARM_GCC_541\Debug\Lab2_control.a(UART_1.o) (UART_1_IntClock_Start)
.\CortexM3\ARM_GCC_541\Debug\Lab2_control.a(sensorA.o)
                              .\CortexM3\ARM_GCC_541\Debug\main.o (sensorA_Read)
.\CortexM3\ARM_GCC_541\Debug\Lab2_control.a(sensorB.o)
                              .\CortexM3\ARM_GCC_541\Debug\main.o (sensorB_Read)
.\CortexM3\ARM_GCC_541\Debug\Lab2_control.a(Timer.o)
                              .\CortexM3\ARM_GCC_541\Debug\main.o (Timer_Start)
.\CortexM3\ARM_GCC_541\Debug\Lab2_control.a(isr_Vueltas.o)
                              .\CortexM3\ARM_GCC_541\Debug\main.o (isr_Vueltas_StartEx)
.\CortexM3\ARM_GCC_541\Debug\Lab2_control.a(CyBootAsmGnu.o)
                              .\CortexM3\ARM_GCC_541\Debug\cyfitter_cfg.o (CyDelayCycles)
.\CortexM3\ARM_GCC_541\Debug\Lab2_control.a(CyFlash.o)
                              .\CortexM3\ARM_GCC_541\Debug\Lab2_control.a(cyPm.o) (CyFlash_SetWaitCycles)
.\CortexM3\ARM_GCC_541\Debug\Lab2_control.a(CySpc.o)
                              .\CortexM3\ARM_GCC_541\Debug\Lab2_control.a(CyFlash.o) (CySpcStart)
c:/program files (x86)/cypress/psoc creator/4.4/psoc creator/import/gnu/arm/5.4.1/bin/../lib/gcc/arm-none-eabi/5.4.1/armv7-m\libgcc.a(_arm_addsubdf3.o)
                              .\CortexM3\ARM_GCC_541\Debug\main.o (__aeabi_dsub)
c:/program files (x86)/cypress/psoc creator/4.4/psoc creator/import/gnu/arm/5.4.1/bin/../lib/gcc/arm-none-eabi/5.4.1/armv7-m\libgcc.a(_arm_muldivdf3.o)
                              .\CortexM3\ARM_GCC_541\Debug\main.o (__aeabi_dmul)
c:/program files (x86)/cypress/psoc creator/4.4/psoc creator/import/gnu/arm/5.4.1/bin/../lib/gcc/arm-none-eabi/5.4.1/armv7-m\libgcc.a(_arm_cmpdf2.o)
                              .\CortexM3\ARM_GCC_541\Debug\main.o (__aeabi_dcmpeq)
c:/program files (x86)/cypress/psoc creator/4.4/psoc creator/import/gnu/arm/5.4.1/bin/../lib/gcc/arm-none-eabi/5.4.1/../../../../arm-none-eabi/lib/armv7-m\libg_nano.a(lib_a-errno.o)
                              .\CortexM3\ARM_GCC_541\Debug\Cm3Start.o (__errno)
c:/program files (x86)/cypress/psoc creator/4.4/psoc creator/import/gnu/arm/5.4.1/bin/../lib/gcc/arm-none-eabi/5.4.1/../../../../arm-none-eabi/lib/armv7-m\libg_nano.a(lib_a-exit.o)
                              c:/program files (x86)/cypress/psoc creator/4.4/psoc creator/import/gnu/arm/5.4.1/bin/../lib/gcc/arm-none-eabi/5.4.1/../../../../arm-none-eabi/lib/armv7-m/crt0.o (exit)
c:/program files (x86)/cypress/psoc creator/4.4/psoc creator/import/gnu/arm/5.4.1/bin/../lib/gcc/arm-none-eabi/5.4.1/../../../../arm-none-eabi/lib/armv7-m\libg_nano.a(lib_a-impure.o)
                              c:/program files (x86)/cypress/psoc creator/4.4/psoc creator/import/gnu/arm/5.4.1/bin/../lib/gcc/arm-none-eabi/5.4.1/../../../../arm-none-eabi/lib/armv7-m\libg_nano.a(lib_a-exit.o) (_global_impure_ptr)
c:/program files (x86)/cypress/psoc creator/4.4/psoc creator/import/gnu/arm/5.4.1/bin/../lib/gcc/arm-none-eabi/5.4.1/../../../../arm-none-eabi/lib/armv7-m\libg_nano.a(lib_a-init.o)
                              c:/program files (x86)/cypress/psoc creator/4.4/psoc creator/import/gnu/arm/5.4.1/bin/../lib/gcc/arm-none-eabi/5.4.1/../../../../arm-none-eabi/lib/armv7-m/crt0.o (__libc_init_array)
c:/program files (x86)/cypress/psoc creator/4.4/psoc creator/import/gnu/arm/5.4.1/bin/../lib/gcc/arm-none-eabi/5.4.1/../../../../arm-none-eabi/lib/armv7-m\libg_nano.a(lib_a-memcpy-stub.o)
                              .\CortexM3\ARM_GCC_541\Debug\cyfitter_cfg.o (memcpy)
c:/program files (x86)/cypress/psoc creator/4.4/psoc creator/import/gnu/arm/5.4.1/bin/../lib/gcc/arm-none-eabi/5.4.1/../../../../arm-none-eabi/lib/armv7-m\libg_nano.a(lib_a-memset.o)
[...]
Memory Configuration

Name             Origin             Length             Attributes
rom              0x00000000         0x00040000         xr
ram              0x1fff8000         0x00010000         xrw
*default*        0x00000000         0xffffffff

Linker script and memory map

LOAD c:/program files (x86)/cypress/psoc creator/4.4/psoc creator/import/gnu/arm/5.4.1/bin/../lib/gcc/arm-none-eabi/5.4.1/armv7-m/crti.o
LOAD c:/program files (x86)/cypress/psoc creator/4.4/psoc creator/import/gnu/arm/5.4.1/bin/../lib/gcc/arm-none-eabi/5.4.1/armv7-m/crtbegin.o
LOAD c:/program files (x86)/cypress/psoc creator/4.4/psoc creator/import/gnu/arm/5.4.1/bin/../lib/gcc/arm-none-eabi/5.4.1/../../../../arm-none-eabi/lib/armv7-m/crt0.o
START GROUP
LOAD .\CortexM3\ARM_GCC_541\Debug\main.o
LOAD .\CortexM3\ARM_GCC_541\Debug\cyfitter_cfg.o
LOAD .\CortexM3\ARM_GCC_541\Debug\cymetadata.o
LOAD .\CortexM3\ARM_GCC_541\Debug\Cm3Start.o
LOAD .\CortexM3\ARM_GCC_541\Debug\Lab2_control.a
LOAD C:\Program Files (x86)\Cypress\PSoC Creator\4.4\PSoC Creator\psoc\content\cycomponentlibrary\CyComponentLibrary.cylib\CortexM3\ARM_GCC_541\Debug\CyComponentLibrary.a
END GROUP
START GROUP
LOAD c:/program files (x86)/cypress/psoc creator/4.4/psoc creator/import/gnu/arm/5.4.1/bin/../lib/gcc/arm-none-eabi/5.4.1/armv7-m\libgcc.a
LOAD c:/program files (x86)/cypress/psoc creator/4.4/psoc creator/import/gnu/arm/5.4.1/bin/../lib/gcc/arm-none-eabi/5.4.1/../../../../arm-none-eabi/lib/armv7-m\libg_nano.a
LOAD c:/program files (x86)/cypress/psoc creator/4.4/psoc creator/import/gnu/arm/5.4.1/bin/../lib/gcc/arm-none-eabi/5.4.1/../../../../arm-none-eabi/lib/armv7-m\libc_nano.a
END GROUP
START GROUP
LOAD c:/program files (x86)/cypress/psoc creator/4.4/psoc creator/import/gnu/arm/5.4.1/bin/../lib/gcc/arm-none-eabi/5.4.1/armv7-m\libgcc.a
LOAD c:/program files (x86)/cypress/psoc creator/4.4/psoc creator/import/gnu/arm/5.4.1/bin/../lib/gcc/arm-none-eabi/5.4.1/../../../../arm-none-eabi/lib/armv7-m\libc_nano.a
END GROUP
LOAD c:/program files (x86)/cypress/psoc creator/4.4/psoc creator/import/gnu/arm/5.4.1/bin/../lib/gcc/arm-none-eabi/5.4.1/armv7-m/crtend.o
LOAD c:/program files (x86)/cypress/psoc creator/4.4/psoc creator/import/gnu/arm/5.4.1/bin/../lib/gcc/arm-none-eabi/5.4.1/armv7-m/crtn.o
START GROUP
LOAD c:/program files (x86)/cypress/psoc creator/4.4/psoc creator/import/gnu/arm/5.4.1/bin/../lib/gcc/arm-none-eabi/5.4.1/armv7-m\libgcc.a
LOAD c:/program files (x86)/cypress/psoc creator/4.4/psoc creator/import/gnu/arm/5.4.1/bin/../lib/gcc/arm-none-eabi/5.4.1/../../../../arm-none-eabi/lib/armv7-m\libc.a
LOAD c:/program files (x86)/cypress/psoc creator/4.4/psoc creator/import/gnu/arm/5.4.1/bin/../lib/gcc/arm-none-eabi/5.4.1/../../../../arm-none-eabi/lib/armv7-m\libnosys.a
END GROUP
                0x00000000                CY_APPL_ORIGIN = 0x0
                0x00000100                CY_FLASH_ROW_SIZE = 0x100
                0x00000020                CY_ECC_ROW_SIZE = 0x20
                0x00000000                CY_EE_IN_BTLDR = 0x0
                0x00000000                CY_APPL_LOADABLE = 0x0
                0x00000800                CY_EE_SIZE = 0x800
                0x00000001                CY_APPL_NUM = 0x1
                0x00000001                CY_APPL_MAX = 0x1
                0x00000040                CY_METADATA_SIZE = 0x40
                0x00000000                CY_APPL_LOADABLE = 0x0
                0x00000000                CY_CHECKSUM_EXCLUDE_SIZE = ALIGN (0x0, CY_FLASH_ROW_SIZE)
                [!provide]                PROVIDE (__cy_heap_start, _end)
                0x00000001                PROVIDE (__cy_region_num, ((__cy_regions_end - __cy_regions) / 0x10))
                0x20008000                PROVIDE (__cy_stack, (ORIGIN (ram) + LENGTH (ram)))
                [!provide]                PROVIDE (__cy_heap_end, (__cy_stack - 0x800))

.cybootloader   0x00000000        0x0
 *(.cybootloader)
                0x00000000                appl1_start = CY_APPL_ORIGIN?CY_APPL_ORIGIN:ALIGN (CY_FLASH_ROW_SIZE)
                0x0001ff00                appl2_start = (appl1_start + ALIGN ((((LENGTH (rom) - appl1_start) - (0x2 * CY_FLASH_ROW_SIZE)) / 0x2), CY_FLASH_ROW_SIZE))
                0x00000000                appl_start = (CY_APPL_NUM == 0x1)?appl1_start:appl2_start
                0x00000000                ecc_offset = ((appl_start / CY_FLASH_ROW_SIZE) * CY_ECC_ROW_SIZE)
                0x00000000                ee_offset = (CY_APPL_LOADABLE && ! (CY_EE_IN_BTLDR))?((CY_EE_SIZE / CY_APPL_MAX) * (CY_APPL_NUM - 0x1)):0x0
                0x00000800                ee_size = (CY_APPL_LOADABLE && ! (CY_EE_IN_BTLDR))?(CY_EE_SIZE / CY_APPL_MAX):CY_EE_SIZE
                [!provide]                PROVIDE (CY_ECC_OFFSET, ecc_offset)

.text           0x00000000     0x1bc4
 CREATE_OBJECT_SYMBOLS
                0x00000000                PROVIDE (__cy_interrupt_vector, RomVectors)
 *(.romvectors)
 .romvectors    0x00000000       0x10 .\CortexM3\ARM_GCC_541\Debug\Cm3Start.o
                0x00000000                RomVectors
                0x00000001                ASSERT ((. != __cy_interrupt_vector), No interrupt vector)
                0x00000001                ASSERT (CY_APPL_ORIGIN?(SIZEOF (.cybootloader) <= CY_APPL_ORIGIN):0x1, Wrong image location)
                0x00000010                PROVIDE (__cy_reset, Reset)
 *(.text.Reset)
 .text.Reset    0x00000010       0x18 .\CortexM3\ARM_GCC_541\Debug\Cm3Start.o
                0x00000010                Reset
                0x00000001                ASSERT ((. != __cy_reset), No reset code)
 *(.dma_init)
                0x00000001                ASSERT ((((appl_start + .) <= 0x10000) || 0x1), DMA Init must be within the first 64k of flash)
 *(.text .text.* .gnu.linkonce.t.*)
 .text          0x00000028       0x5c c:/program files (x86)/cypress/psoc creator/4.4/psoc creator/import/gnu/arm/5.4.1/bin/../lib/gcc/arm-none-eabi/5.4.1/armv7-m/crtbegin.o
 .text.contaSignal
                0x00000084       0x38 .\CortexM3\ARM_GCC_541\Debug\main.o
                0x00000084                contaSignal
 *fill*         0x000000bc        0x4 
 .text.ConvertPosition
                0x000000c0       0xc0 .\CortexM3\ARM_GCC_541\Debug\main.o
                0x000000c0                ConvertPosition
 .text.setPwm   0x00000180       0x10 .\CortexM3\ARM_GCC_541\Debug\main.o
                0x00000180                setPwm
 .text.ConvertSpeed
                0x00000190       0x3c .\CortexM3\ARM_GCC_541\Debug\main.o
                0x00000190                ConvertSpeed
 *fill*         0x000001cc        0x4 
 .text.Timer_ISR
                0x000001d0       0xf0 .\CortexM3\ARM_GCC_541\Debug\main.o
                0x000001d0                Timer_ISR
 .text.main     0x000002c0       0x68 .\CortexM3\ARM_GCC_541\Debug\main.o
                0x000002c0                main
 .text.CyClockStartupError
                0x00000328        0x4 .\CortexM3\ARM_GCC_541\Debug\cyfitter_cfg.o
 .text.cfg_write_bytes32
                0x0000032c       0x34 .\CortexM3\ARM_GCC_541\Debug\cyfitter_cfg.o
 .text.AnalogSetDefault
                0x00000360       0x28 .\CortexM3\ARM_GCC_541\Debug\cyfitter_cfg.o
 .text.CYMEMZERO
                0x00000388        0xc .\CortexM3\ARM_GCC_541\Debug\cyfitter_cfg.o
 .text.ClockSetup
                0x00000394       0xd4 .\CortexM3\ARM_GCC_541\Debug\cyfitter_cfg.o
 .text.CYCONFIGCPY
                0x00000468        0x8 .\CortexM3\ARM_GCC_541\Debug\cyfitter_cfg.o
 .text.cyfitter_cfg
                0x00000470      0x114 .\CortexM3\ARM_GCC_541\Debug\cyfitter_cfg.o
                0x00000470                cyfitter_cfg
 .text.IntDefaultHandler
                0x00000584       0x10 .\CortexM3\ARM_GCC_541\Debug\Cm3Start.o
                0x00000584                IntDefaultHandler
 .text._sbrk    0x00000594       0x30 .\CortexM3\ARM_GCC_541\Debug\Cm3Start.o
                0x00000594                _sbrk
 .text.Start_c  0x000005c4       0x4c .\CortexM3\ARM_GCC_541\Debug\Cm3Start.o
                0x000005c4                Start_c
 .text.initialize_psoc
                0x00000610       0x68 .\CortexM3\ARM_GCC_541\Debug\Cm3Start.o
                0x00000610                initialize_psoc
 .text.giro1_Write
                0x00000678       0x18 .\CortexM3\ARM_GCC_541\Debug\Lab2_control.a(giro1.o)
                0x00000678                giro1_Write
 .text.giro2_Write
                0x00000690       0x18 .\CortexM3\ARM_GCC_541\Debug\Lab2_control.a(giro2.o)
                0x00000690                giro2_Write
 .text.CyDelay  0x000006a8       0x2c .\CortexM3\ARM_GCC_541\Debug\Lab2_control.a(CyLib.o)
                0x000006a8                CyDelay
 .text.PWM_Enable
                0x000006d4       0x10 .\CortexM3\ARM_GCC_541\Debug\Lab2_control.a(PWM.o)
                0x000006d4                PWM_Enable
 .text.PWM_WriteCounter
                0x000006e4        0xc .\CortexM3\ARM_GCC_541\Debug\Lab2_control.a(PWM.o)
                0x000006e4                PWM_WriteCounter
 .text.PWM_WritePeriod
                0x000006f0        0xc .\CortexM3\ARM_GCC_541\Debug\Lab2_control.a(PWM.o)
                0x000006f0                PWM_WritePeriod
 .text.PWM_WriteCompare
                0x000006fc        0xc .\CortexM3\ARM_GCC_541\Debug\Lab2_control.a(PWM.o)
                0x000006fc                PWM_WriteCompare
 .text.PWM_SetInterruptMode
                0x00000708        0xc .\CortexM3\ARM_GCC_541\Debug\Lab2_control.a(PWM.o)
                0x00000708                PWM_SetInterruptMode
 .text.PWM_ReadStatusRegister
                0x00000714        0xc .\CortexM3\ARM_GCC_541\Debug\Lab2_control.a(PWM.o)
                0x00000714                PWM_ReadStatusRegister
 .text.PWM_ReadCapture
                0x00000720        0xc .\CortexM3\ARM_GCC_541\Debug\Lab2_control.a(PWM.o)
                0x00000720                PWM_ReadCapture
 .text.PWM_ClearFIFO
                0x0000072c       0x14 .\CortexM3\ARM_GCC_541\Debug\Lab2_control.a(PWM.o)
                0x0000072c                PWM_ClearFIFO
 .text.PWM_Init
                0x00000740       0x50 .\CortexM3\ARM_GCC_541\Debug\Lab2_control.a(PWM.o)
                0x00000740                PWM_Init
 .text.PWM_Start
                0x00000790       0x1c .\CortexM3\ARM_GCC_541\Debug\Lab2_control.a(PWM.o)
                0x00000790                PWM_Start
 .text.UART_1_Init
                0x000007ac       0x24 .\CortexM3\ARM_GCC_541\Debug\Lab2_control.a(UART_1.o)
                0x000007ac                UART_1_Init
 .text.UART_1_Enable
                0x000007d0       0x38 .\CortexM3\ARM_GCC_541\Debug\Lab2_control.a(UART_1.o)
                0x000007d0                UART_1_Enable
 .text.UART_1_Start
                0x00000808       0x1c .\CortexM3\ARM_GCC_541\Debug\Lab2_control.a(UART_1.o)
                0x00000808                UART_1_Start
 .text.UART_1_PutChar
                0x00000824       0x18 .\CortexM3\ARM_GCC_541\Debug\Lab2_control.a(UART_1.o)
                0x00000824                UART_1_PutChar
 .text.UART_1_PutString
                0x0000083c       0x24 .\CortexM3\ARM_GCC_541\Debug\Lab2_control.a(UART_1.o)
                0x0000083c                UART_1_PutString
 .text.isr_Timer_SetVector
                0x00000860       0x10 .\CortexM3\ARM_GCC_541\Debug\Lab2_control.a(isr_Timer.o)
                0x00000860                isr_Timer_SetVector
 .text.isr_Timer_SetPriority
                0x00000870       0x10 .\CortexM3\ARM_GCC_541\Debug\Lab2_control.a(isr_Timer.o)
                0x00000870                isr_Timer_SetPriority
 .text.isr_Timer_Enable
                0x00000880       0x10 .\CortexM3\ARM_GCC_541\Debug\Lab2_control.a(isr_Timer.o)
                0x00000880                isr_Timer_Enable
 .text.isr_Timer_Disable
                0x00000890       0x10 .\CortexM3\ARM_GCC_541\Debug\Lab2_control.a(isr_Timer.o)
                0x00000890                isr_Timer_Disable
 .text.isr_Timer_StartEx
                0x000008a0       0x1c .\CortexM3\ARM_GCC_541\Debug\Lab2_control.a(isr_Timer.o)
                0x000008a0                isr_Timer_StartEx
 .text.isr_Timer_ClearPending
                0x000008bc       0x10 .\CortexM3\ARM_GCC_541\Debug\Lab2_control.a(isr_Timer.o)
                0x000008bc                isr_Timer_ClearPending
 .text.UART_1_IntClock_Start
                0x000008cc       0x1c .\CortexM3\ARM_GCC_541\Debug\Lab2_control.a(UART_1_IntClock.o)
                0x000008cc                UART_1_IntClock_Start
 .text.sensorA_Read
                0x000008e8       0x10 .\CortexM3\ARM_GCC_541\Debug\Lab2_control.a(sensorA.o)
                0x000008e8                sensorA_Read
 .text.sensorA_ClearInterrupt
                0x000008f8       0x10 .\CortexM3\ARM_GCC_541\Debug\Lab2_control.a(sensorA.o)
                0x000008f8                sensorA_ClearInterrupt
 .text.sensorB_Read
                0x00000908       0x10 .\CortexM3\ARM_GCC_541\Debug\Lab2_control.a(sensorB.o)
                0x00000908                sensorB_Read
 .text.Timer_Enable
                0x00000918       0x28 .\CortexM3\ARM_GCC_541\Debug\Lab2_control.a(Timer.o)
                0x00000918                Timer_Enable
 .text.Timer_SetInterruptMode
                0x00000940        0xc .\CortexM3\ARM_GCC_541\Debug\Lab2_control.a(Timer.o)
                0x00000940                Timer_SetInterruptMode
 .text.Timer_WritePeriod
                0x0000094c        0xc .\CortexM3\ARM_GCC_541\Debug\Lab2_control.a(Timer.o)
                0x0000094c                Timer_WritePeriod
 .text.Timer_WriteCounter
                0x00000958        0xc .\CortexM3\ARM_GCC_541\Debug\Lab2_control.a(Timer.o)
                0x00000958                Timer_WriteCounter
 .text.Timer_Init
                0x00000964       0x64 .\CortexM3\ARM_GCC_541\Debug\Lab2_control.a(Timer.o)
                0x00000964                Timer_Init
 .text.Timer_Start
                0x000009c8       0x1c .\CortexM3\ARM_GCC_541\Debug\Lab2_control.a(Timer.o)
                0x000009c8                Timer_Start
 .text.isr_Vueltas_SetVector
                0x000009e4        0xc .\CortexM3\ARM_GCC_541\Debug\Lab2_control.a(isr_Vueltas.o)
                0x000009e4                isr_Vueltas_SetVector
 .text.isr_Vueltas_SetPriority
                0x000009f0       0x10 .\CortexM3\ARM_GCC_541\Debug\Lab2_control.a(isr_Vueltas.o)
                0x000009f0                isr_Vueltas_SetPriority
 .text.isr_Vueltas_Enable
                0x00000a00        0xc .\CortexM3\ARM_GCC_541\Debug\Lab2_control.a(isr_Vueltas.o)
                0x00000a00                isr_Vueltas_Enable
 .text.isr_Vueltas_Disable
                0x00000a0c        0xc .\CortexM3\ARM_GCC_541\Debug\Lab2_control.a(isr_Vueltas.o)
                0x00000a0c                isr_Vueltas_Disable
 .text.isr_Vueltas_StartEx
                0x00000a18       0x1c .\CortexM3\ARM_GCC_541\Debug\Lab2_control.a(isr_Vueltas.o)
                0x00000a18                isr_Vueltas_StartEx
 *fill*         0x00000a34        0x4 
 .text          0x00000a38       0x20 .\CortexM3\ARM_GCC_541\Debug\Lab2_control.a(CyBootAsmGnu.o)
                0x00000a38                CyDelayCycles
                0x00000a48                CyEnterCriticalSection
                0x00000a50                CyExitCriticalSection
 .text          0x00000a58      0x370 c:/program files (x86)/cypress/psoc creator/4.4/psoc creator/import/gnu/arm/5.4.1/bin/../lib/gcc/arm-none-eabi/5.4.1/armv7-m\libgcc.a(_arm_addsubdf3.o)
                0x00000a58                __aeabi_drsub
                0x00000a60                __aeabi_dsub
                0x00000a60                __subdf3
                0x00000a64                __aeabi_dadd
                0x00000a64                __adddf3
                0x00000cdc                __floatunsidf
                0x00000cdc                __aeabi_ui2d
                0x00000cfc                __floatsidf
                0x00000cfc                __aeabi_i2d
                0x00000d20                __aeabi_f2d
                0x00000d20                __extendsfdf2
                0x00000d5c                __floatundidf
                0x00000d5c                __aeabi_ul2d
                0x00000d6c                __floatdidf
                0x00000d6c                __aeabi_l2d
 .text          0x00000dc8      0x424 c:/program files (x86)/cypress/psoc creator/4.4/psoc creator/import/gnu/arm/5.4.1/bin/../lib/gcc/arm-none-eabi/5.4.1/armv7-m\libgcc.a(_arm_muldivdf3.o)
                0x00000dc8                __aeabi_dmul
                0x00000dc8                __muldf3
                0x0000101c                __divdf3
                0x0000101c                __aeabi_ddiv
 .text          0x000011ec      0x110 c:/program files (x86)/cypress/psoc creator/4.4/psoc creator/import/gnu/arm/5.4.1/bin/../lib/gcc/arm-none-eabi/5.4.1/armv7-m\libgcc.a(_arm_cmpdf2.o)
                0x000011ec                __gtdf2
                0x000011ec                __gedf2
                0x000011f4                __ltdf2
                0x000011f4                __ledf2
                0x000011fc                __nedf2
                0x000011fc                __eqdf2
                0x000011fc                __cmpdf2
                0x00001278                __aeabi_cdrcmple
                0x00001288                __aeabi_cdcmpeq
                0x00001288                __aeabi_cdcmple
                0x00001298                __aeabi_dcmpeq
                0x000012ac                __aeabi_dcmplt
                0x000012c0                __aeabi_dcmple
                0x000012d4                __aeabi_dcmpge
                0x000012e8                __aeabi_dcmpgt
 .text.__errno  0x000012fc        0xc c:/program files (x86)/cypress/psoc creator/4.4/psoc creator/import/gnu/arm/5.4.1/bin/../lib/gcc/arm-none-eabi/5.4.1/../../../../arm-none-eabi/lib/armv7-m\libg_nano.a(lib_a-errno.o)
                0x000012fc                __errno
 .text.__libc_init_array
                0x00001308       0x4c c:/program files (x86)/cypress/psoc creator/4.4/psoc creator/import/gnu/arm/5.4.1/bin/../lib/gcc/arm-none-eabi/5.4.1/../../../../arm-none-eabi/lib/armv7-m\libg_nano.a(lib_a-init.o)
                0x00001308                __libc_init_array
 .text.memcpy   0x00001354       0x16 c:/program files (x86)/cypress/psoc creator/4.4/psoc creator/import/gnu/arm/5.4.1/bin/../lib/gcc/arm-none-eabi/5.4.1/../../../../arm-none-eabi/lib/armv7-m\libg_nano.a(lib_a-memcpy-stub.o)
                0x00001354                memcpy
 .text.memset   0x0000136a       0x10 c:/program files (x86)/cypress/psoc creator/4.4/psoc creator/import/gnu/arm/5.4.1/bin/../lib/gcc/arm-none-eabi/5.4.1/../../../../arm-none-eabi/lib/armv7-m\libg_nano.a(lib_a-memset.o)
                0x0000136a                memset
 *fill*         0x0000137a        0x2 
 .text.sprintf  0x0000137c       0x48 c:/program files (x86)/cypress/psoc creator/4.4/psoc creator/import/gnu/arm/5.4.1/bin/../lib/gcc/arm-none-eabi/5.4.1/../../../../arm-none-eabi/lib/armv7-m\libg_nano.a(lib_a-sprintf.o)
                0x0000137c                siprintf
                0x0000137c                sprintf
 .text.__ssputs_r
                0x000013c4       0xb2 c:/program files (x86)/cypress/psoc creator/4.4/psoc creator/import/gnu/arm/5.4.1/bin/../lib/gcc/arm-none-eabi/5.4.1/../../../../arm-none-eabi/lib/armv7-m\libg_nano.a(lib_a-nano-svfprintf.o)
                0x000013c4                __ssputs_r
 *fill*         0x00001476        0x2 
 .text._svfprintf_r
                0x00001478      0x1e8 c:/program files (x86)/cypress/psoc creator/4.4/psoc creator/import/gnu/arm/5.4.1/bin/../lib/gcc/arm-none-eabi/5.4.1/../../../../arm-none-eabi/lib/armv7-m\libg_nano.a(lib_a-nano-svfprintf.o)
                0x00001478                _svfiprintf_r
                0x00001478                _svfprintf_r
 .text._printf_common
                0x00001660       0xec c:/program files (x86)/cypress/psoc creator/4.4/psoc creator/import/gnu/arm/5.4.1/bin/../lib/gcc/arm-none-eabi/5.4.1/../../../../arm-none-eabi/lib/armv7-m\libg_nano.a(lib_a-nano-vfprintf_i.o)
                0x00001660                _printf_common
 .text._printf_i
                0x0000174c      0x24c c:/program files (x86)/cypress/psoc creator/4.4/psoc creator/import/gnu/arm/5.4.1/bin/../lib/gcc/arm-none-eabi/5.4.1/../../../../arm-none-eabi/lib/armv7-m\libg_nano.a(lib_a-nano-vfprintf_i.o)
                0x0000174c                _printf_i
 .text.memchr   0x00001998       0x1c c:/program files (x86)/cypress/psoc creator/4.4/psoc creator/import/gnu/arm/5.4.1/bin/../lib/gcc/arm-none-eabi/5.4.1/../../../../arm-none-eabi/lib/armv7-m\libg_nano.a(lib_a-memchr-stub.o)
                0x00001998                memchr
 .text.memmove  0x000019b4       0x36 c:/program files (x86)/cypress/psoc creator/4.4/psoc creator/import/gnu/arm/5.4.1/bin/../lib/gcc/arm-none-eabi/5.4.1/../../../../arm-none-eabi/lib/armv7-m\libg_nano.a(lib_a-memmove.o)
                0x000019b4                memmove
 *fill*         0x000019ea        0x2 
 .text._free_r  0x000019ec       0x98 c:/program files (x86)/cypress/psoc creator/4.4/psoc creator/import/gnu/arm/5.4.1/bin/../lib/gcc/arm-none-eabi/5.4.1/../../../../arm-none-eabi/lib/armv7-m\libg_nano.a(lib_a-nano-freer.o)
                0x000019ec                _free_r
 .text._malloc_r
                0x00001a84       0xbc c:/program files (x86)/cypress/psoc creator/4.4/psoc creator/import/gnu/arm/5.4.1/bin/../lib/gcc/arm-none-eabi/5.4.1/../../../../arm-none-eabi/lib/armv7-m\libg_nano.a(lib_a-nano-mallocr.o)
                0x00001a84                _malloc_r
 .text._realloc_r
                0x00001b40       0x4c c:/program files (x86)/cypress/psoc creator/4.4/psoc creator/import/gnu/arm/5.4.1/bin/../lib/gcc/arm-none-eabi/5.4.1/../../../../arm-none-eabi/lib/armv7-m\libg_nano.a(lib_a-nano-reallocr.o)
                0x00001b40                _realloc_r
 .text._sbrk_r  0x00001b8c       0x20 c:/program files (x86)/cypress/psoc creator/4.4/psoc creator/import/gnu/arm/5.4.1/bin/../lib/gcc/arm-none-eabi/5.4.1/../../../../arm-none-eabi/lib/armv7-m\libg_nano.a(lib_a-sbrkr.o)
                0x00001b8c                _sbrk_r
 .text.__malloc_lock
                0x00001bac        0x2 c:/program files (x86)/cypress/psoc creator/4.4/psoc creator/import/gnu/arm/5.4.1/bin/../lib/gcc/arm-none-eabi/5.4.1/../../../../arm-none-eabi/lib/armv7-m\libg_nano.a(lib_a-mlock.o)
                0x00001bac                __malloc_lock
 .text.__malloc_unlock
                0x00001bae        0x2 c:/program files (x86)/cypress/psoc creator/4.4/psoc creator/import/gnu/arm/5.4.1/bin/../lib/gcc/arm-none-eabi/5.4.1/../../../../arm-none-eabi/lib/armv7-m\libg_nano.a(lib_a-mlock.o)
                0x00001bae                __malloc_unlock
 .text._malloc_usable_size_r
                0x00001bb0       0x14 c:/program files (x86)/cypress/psoc creator/4.4/psoc creator/import/gnu/arm/5.4.1/bin/../lib/gcc/arm-none-eabi/5.4.1/../../../../arm-none-eabi/lib/armv7-m\libg_nano.a(lib_a-nano-msizer.o)
                0x00001bb0                _malloc_usable_size_r
 *(.plt)
 *(.gnu.warning)
 *(.glue_7t)
 .glue_7t       0x00001bc4        0x0 linker stubs
 *(.glue_7)
 .glue_7        0x00001bc4        0x0 linker stubs
 *(.vfp11_veneer)
 .vfp11_veneer  0x00001bc4        0x0 linker stubs
 *(.bootloader)
 *(.ARM.extab* .gnu.linkonce.armextab.*)
 *(.gcc_except_table)

.v4_bx          0x00001bc4        0x0
 .v4_bx         0x00001bc4        0x0 linker stubs

.iplt           0x00001bc4        0x0
 .iplt          0x00001bc4        0x0 c:/program files (x86)/cypress/psoc creator/4.4/psoc creator/import/gnu/arm/5.4.1/bin/../lib/gcc/arm-none-eabi/5.4.1/armv7-m/crtbegin.o

.eh_frame_hdr
 *(.eh_frame_hdr)

.eh_frame       0x00001bc4        0x4
 *(.eh_frame)
 .eh_frame      0x00001bc4        0x0 c:/program files (x86)/cypress/psoc creator/4.4/psoc creator/import/gnu/arm/5.4.1/bin/../lib/gcc/arm-none-eabi/5.4.1/armv7-m/crtbegin.o
 .eh_frame      0x00001bc4        0x4 c:/program files (x86)/cypress/psoc creator/4.4/psoc creator/import/gnu/arm/5.4.1/bin/../lib/gcc/arm-none-eabi/5.4.1/armv7-m/crtend.o
                [!provide]                PROVIDE (__exidx_start, .)

.ARM.exidx
 *(.ARM.exidx* .gnu.linkonce.armexidx.*)
                0x00001bc8                __exidx_end = .

.rodata         0x00001bc8      0x118
 *(.rodata .rodata.* .gnu.linkonce.r.*)
 .rodata        0x00001bc8       0x70 .\CortexM3\ARM_GCC_541\Debug\main.o
                0x00001bc8                sinewave
                0x00001bfc                delayFreq
 .rodata.str1.4
                0x00001c38        0xc .\CortexM3\ARM_GCC_541\Debug\main.o
                                  0xa (size before relaxing)
 .rodata        0x00001c44       0x30 .\CortexM3\ARM_GCC_541\Debug\cyfitter_cfg.o
 .rodata.str1.1
                0x00001c74        0x2 c:/program files (x86)/cypress/psoc creator/4.4/psoc creator/import/gnu/arm/5.4.1/bin/../lib/gcc/arm-none-eabi/5.4.1/../../../../arm-none-eabi/lib/armv7-m\libg_nano.a(lib_a-impure.o)
 .rodata.str1.1
                0x00001c76       0x11 c:/program files (x86)/cypress/psoc creator/4.4/psoc creator/import/gnu/arm/5.4.1/bin/../lib/gcc/arm-none-eabi/5.4.1/../../../../arm-none-eabi/lib/armv7-m\libg_nano.a(lib_a-nano-svfprintf.o)
 .rodata.str1.1
                0x00001c87       0x22 c:/program files (x86)/cypress/psoc creator/4.4/psoc creator/import/gnu/arm/5.4.1/bin/../lib/gcc/arm-none-eabi/5.4.1/../../../../arm-none-eabi/lib/armv7-m\libg_nano.a(lib_a-nano-vfprintf_i.o)
                0x00001cac                . = ALIGN (0x4)
 *fill*         0x00001ca9        0x3 
 *(.init)
 .init          0x00001cac        0x4 c:/program files (x86)/cypress/psoc creator/4.4/psoc creator/import/gnu/arm/5.4.1/bin/../lib/gcc/arm-none-eabi/5.4.1/armv7-m/crti.o
                0x00001cac                _init
 .init          0x00001cb0        0x8 c:/program files (x86)/cypress/psoc creator/4.4/psoc creator/import/gnu/arm/5.4.1/bin/../lib/gcc/arm-none-eabi/5.4.1/armv7-m/crtn.o
                0x00001cb8                . = ALIGN (0x4)
                0x00001cb8                __preinit_array_start = .
 *(.preinit_array)
                0x00001cb8                __preinit_array_end = .
                0x00001cb8                . = ALIGN (0x4)
                0x00001cb8                __init_array_start = .
 *(SORT(.init_array.*))
 *(.init_array)
 .init_array    0x00001cb8        0x4 c:/program files (x86)/cypress/psoc creator/4.4/psoc creator/import/gnu/arm/5.4.1/bin/../lib/gcc/arm-none-eabi/5.4.1/armv7-m/crtbegin.o
 .init_array    0x00001cbc        0x4 .\CortexM3\ARM_GCC_541\Debug\Cm3Start.o
                0x00001cc0                __init_array_end = .
                0x00001cc0                . = ALIGN (0x4)
 *(.fini)
 .fini          0x00001cc0        0x4 c:/program files (x86)/cypress/psoc creator/4.4/psoc creator/import/gnu/arm/5.4.1/bin/../lib/gcc/arm-none-eabi/5.4.1/armv7-m/crti.o
                0x00001cc0                _fini
 .fini          0x00001cc4        0x8 c:/program files (x86)/cypress/psoc creator/4.4/psoc creator/import/gnu/arm/5.4.1/bin/../lib/gcc/arm-none-eabi/5.4.1/armv7-m/crtn.o
                0x00001ccc                . = ALIGN (0x4)
                0x00001ccc                __fini_array_start = .
 *(.fini_array)
 .fini_array    0x00001ccc        0x4 c:/program files (x86)/cypress/psoc creator/4.4/psoc creator/import/gnu/arm/5.4.1/bin/../lib/gcc/arm-none-eabi/5.4.1/armv7-m/crtbegin.o
 *(SORT(.fini_array.*))
                0x00001cd0                __fini_array_end = .
                0x00001cd0                . = ALIGN (0x4)
 *crtbegin.o(.ctors)
 *(EXCLUDE_FILE(*crtend.o) .ctors)
 *(SORT(.ctors.*))
 *crtend.o(.ctors)
                0x00001cd0                . = ALIGN (0x4)
 *crtbegin.o(.dtors)
 *(EXCLUDE_FILE(*crtend.o) .dtors)
 *(SORT(.dtors.*))
 *crtend.o(.dtors)
                0x00001cd0                . = ALIGN (0x4)
                0x00001cd0                __cy_regions = .
                0x00001cd0        0x4 LONG 0x1ce0 __cy_region_init_ram
                0x00001cd4        0x4 LONG 0x1fff80c8 __cy_region_start_data
                0x00001cd8        0x4 LONG 0x80 __cy_region_init_size_ram
                0x00001cdc        0x4 LONG 0xb0 __cy_region_zero_size_ram
                0x00001ce0                __cy_regions_end = .
                0x00001ce0                . = ALIGN (0x8)
                0x00001ce0                _etext = .

.cy_checksum_exclude
                0x00001ce0        0x0
 *(.cy_checksum_exclude)

.ramvectors     0x1fff8000       0xc0
                0x1fff8000                __cy_region_start_ram = .
 *(.ramvectors)
 .ramvectors    0x1fff8000       0xc0 .\CortexM3\ARM_GCC_541\Debug\Cm3Start.o
                0x1fff8000                CyRamVectors

.noinit         0x1fff80c0        0x1
 *(.noinit)
 .noinit        0x1fff80c0        0x1 .\CortexM3\ARM_GCC_541\Debug\Lab2_control.a(CyLib.o)
                0x1fff80c0                CyResetStatus

.data           0x1fff80c8       0x80 load address 0x00001ce0
                0x1fff80c8                __cy_region_start_data = .
 *(.jcr)
 .jcr           0x1fff80c8        0x0 c:/program files (x86)/cypress/psoc creator/4.4/psoc creator/import/gnu/arm/5.4.1/bin/../lib/gcc/arm-none-eabi/5.4.1/armv7-m/crtbegin.o
 .jcr           0x1fff80c8        0x4 c:/program files (x86)/cypress/psoc creator/4.4/psoc creator/import/gnu/arm/5.4.1/bin/../lib/gcc/arm-none-eabi/5.4.1/armv7-m/crtend.o
 *(.got.plt)
 *(.got)
 *(.shdata)
 *(.data .data.* .gnu.linkonce.d.*)
 .data          0x1fff80cc        0x4 .\CortexM3\ARM_GCC_541\Debug\Cm3Start.o
 .data          0x1fff80d0       0x10 .\CortexM3\ARM_GCC_541\Debug\Lab2_control.a(CyLib.o)
                0x1fff80d0                cydelay_32k_ms
                0x1fff80d4                cydelay_freq_khz
                0x1fff80d8                cydelay_freq_mhz
                0x1fff80dc                cydelay_freq_hz
 .data.impure_data
                0x1fff80e0       0x60 c:/program files (x86)/cypress/psoc creator/4.4/psoc creator/import/gnu/arm/5.4.1/bin/../lib/gcc/arm-none-eabi/5.4.1/../../../../arm-none-eabi/lib/armv7-m\libg_nano.a(lib_a-impure.o)
 .data._impure_ptr
                0x1fff8140        0x4 c:/program files (x86)/cypress/psoc creator/4.4/psoc creator/import/gnu/arm/5.4.1/bin/../lib/gcc/arm-none-eabi/5.4.1/../../../../arm-none-eabi/lib/armv7-m\libg_nano.a(lib_a-impure.o)
                0x1fff8140                _impure_ptr
                0x1fff8148                . = ALIGN (0x8)
 *fill*         0x1fff8144        0x4 
 *(.ram)
                0x1fff8148                _edata = .

.igot.plt       0x1fff8148        0x0 load address 0x00001d60
 .igot.plt      0x1fff8148        0x0 c:/program files (x86)/cypress/psoc creator/4.4/psoc creator/import/gnu/arm/5.4.1/bin/../lib/gcc/arm-none-eabi/5.4.1/armv7-m/crtbegin.o

.bss            0x1fff8148       0xb0 load address 0x00001d60
                0x1fff8148                PROVIDE (__bss_start__, .)
 *(.shbss)
 *(.bss .bss.* .gnu.linkonce.b.*)
 .bss           0x1fff8148       0x1c c:/program files (x86)/cypress/psoc creator/4.4/psoc creator/import/gnu/arm/5.4.1/bin/../lib/gcc/arm-none-eabi/5.4.1/armv7-m/crtbegin.o
 *fill*         0x1fff8164        0x4 
 .bss           0x1fff8168       0x4d .\CortexM3\ARM_GCC_541\Debug\main.o
                0x1fff8168                count_speed
                0x1fff8170                state
                0x1fff8178                pos_init
                0x1fff8180                angular_speed
                0x1fff8188                time
                0x1fff8190                pos_motor
                0x1fff8198                sample_time
                0x1fff81a0                y
                0x1fff81a8                pwmFloats
                0x1fff81ac                flag_giro2
                0x1fff81b0                time_back
                0x1fff81b4                index_t
 .bss           0x1fff81b5        0x1 .\CortexM3\ARM_GCC_541\Debug\Lab2_control.a(PWM.o)
                0x1fff81b5                PWM_initVar
 .bss           0x1fff81b6        0x2 .\CortexM3\ARM_GCC_541\Debug\Lab2_control.a(UART_1.o)
                0x1fff81b6                UART_1_initVar
 .bss           0x1fff81b8        0x1 .\CortexM3\ARM_GCC_541\Debug\Lab2_control.a(Timer.o)
                0x1fff81b8                Timer_initVar
 *fill*         0x1fff81b9        0x3 
 .bss.__malloc_sbrk_start
                0x1fff81bc        0x4 c:/program files (x86)/cypress/psoc creator/4.4/psoc creator/import/gnu/arm/5.4.1/bin/../lib/gcc/arm-none-eabi/5.4.1/../../../../arm-none-eabi/lib/armv7-m\libg_nano.a(lib_a-nano-mallocr.o)
                0x1fff81bc                __malloc_sbrk_start
 .bss.__malloc_free_list
                0x1fff81c0        0x4 c:/program files (x86)/cypress/psoc creator/4.4/psoc creator/import/gnu/arm/5.4.1/bin/../lib/gcc/arm-none-eabi/5.4.1/../../../../arm-none-eabi/lib/armv7-m\libg_nano.a(lib_a-nano-mallocr.o)
                0x1fff81c0                __malloc_free_list
 *(COMMON)
 COMMON         0x1fff81c4       0x30 .\CortexM3\ARM_GCC_541\Debug\main.o
                0x1fff81c4                data_message
                0x1fff81ec                flag_time
                0x1fff81f0                time_ref
 COMMON         0x1fff81f4        0x4 c:/program files (x86)/cypress/psoc creator/4.4/psoc creator/import/gnu/arm/5.4.1/bin/../lib/gcc/arm-none-eabi/5.4.1/../../../../arm-none-eabi/lib/armv7-m\libg_nano.a(lib_a-reent.o)
                0x1fff81f4                errno
                0x1fff81f8                . = ALIGN (0x8)
 *(.ram.b)
                0x1fff81f8                _end = .
                0x1fff81f8                __end = .
                0x1fff81f8                PROVIDE (end, .)
                0x1fff81f8                PROVIDE (__bss_end__, .)
                0x00001ce0                __cy_region_init_ram = LOADADDR (.data)
                0x00000080                __cy_region_init_size_ram = (_edata - ADDR (.data))
                0x000000b0                __cy_region_zero_size_ram = (_end - _edata)

.heap           0x1fff81f8       0x80 load address 0x00001d60
                0x1fff81f8                . = _end
                0x1fff8278                . = (. + 0x80)
 *fill*         0x1fff81f8       0x80 
                0x1fff8278                __cy_heap_limit = .

.stack          0x20007800      0x800
                0x20007800                __cy_stack_limit = .
                0x20008000                . = (. + 0x800)
 *fill*         0x20007800      0x800 
                0x00000001                ASSERT ((__cy_stack_limit >= __cy_heap_limit), region RAM overflowed with stack)
                0x00000000                cy_checksum_exclude_size = (CY_APPL_LOADABLE == 0x1)?SIZEOF (.cy_checksum_exclude):0x0
                0x00000001                ASSERT ((cy_checksum_exclude_size <= CY_CHECKSUM_EXCLUDE_SIZE), CY_BOOT: Section .cy_checksum_exclude size exceedes specified limit.)

.cyloadermeta
 *(.cyloadermeta)

.cyloadablemeta
 *(.cyloadablemeta)

.cyconfigecc    0x80000000      0x464
 *(.cyconfigecc)
 .cyconfigecc   0x80000000      0x464 .\CortexM3\ARM_GCC_541\Debug\cymetadata.o
                0x80000000                cy_meta_configecc

.cycustnvl      0x90000000        0x4
 *(.cycustnvl)
 .cycustnvl     0x90000000        0x4 .\CortexM3\ARM_GCC_541\Debug\cymetadata.o
                0x90000000                cy_meta_custnvl

.cywolatch      0x90100000        0x4
 *(.cywolatch)
 .cywolatch     0x90100000        0x4 .\CortexM3\ARM_GCC_541\Debug\cymetadata.o
                0x90100000                cy_meta_wonvl

.cyeeprom       0x90200000        0x0
 *(.cyeeprom)
                0x00000001                ASSERT ((. <= ((0x90200000 + ee_offset) + ee_size)), .cyeeprom data will not fit in EEPROM)

.cyflashprotect
                0x90400000      0x100
 *(.cyflashprotect)
 .cyflashprotect
                0x90400000      0x100 .\CortexM3\ARM_GCC_541\Debug\cymetadata.o
                0x90400000                cy_meta_flashprotect

.cymeta         0x90500000        0xc
 *(.cymeta)
 .cymeta        0x90500000        0xc .\CortexM3\ARM_GCC_541\Debug\cymetadata.o
                0x90500000                cy_metadata

.rel.dyn        0x00001d60        0x0 load address 0x9050000c
 .rel.iplt      0x00001d60        0x0 c:/program files (x86)/cypress/psoc creator/4.4/psoc creator/import/gnu/arm/5.4.1/bin/../lib/gcc/arm-none-eabi/5.4.1/armv7-m/crtbegin.o

.stab
 *(.stab)

.stabstr
 *(.stabstr)

.debug
 *(.debug)

.line
 *(.line)

.debug_srcinfo
 *(.debug_srcinfo)

.debug_sfnames
 *(.debug_sfnames)

.debug_aranges  0x00000000      0x9d0
 *(.debug_aranges)
 .debug_aranges
                0x00000000       0x48 .\CortexM3\ARM_GCC_541\Debug\main.o
 .debug_aranges
                0x00000048       0x58 .\CortexM3\ARM_GCC_541\Debug\cyfitter_cfg.o
 .debug_aranges
                0x000000a0       0x18 .\CortexM3\ARM_GCC_541\Debug\cymetadata.o
 .debug_aranges
                0x000000b8       0x48 .\CortexM3\ARM_GCC_541\Debug\Cm3Start.o
 .debug_aranges
                0x00000100       0x38 .\CortexM3\ARM_GCC_541\Debug\Lab2_control.a(giro1.o)
 .debug_aranges
                0x00000138       0x38 .\CortexM3\ARM_GCC_541\Debug\Lab2_control.a(giro2.o)
 .debug_aranges
                0x00000170      0x2a0 .\CortexM3\ARM_GCC_541\Debug\Lab2_control.a(CyLib.o)
 .debug_aranges
                0x00000410       0x98 .\CortexM3\ARM_GCC_541\Debug\Lab2_control.a(cyPm.o)
 .debug_aranges
                0x000004a8       0x98 .\CortexM3\ARM_GCC_541\Debug\Lab2_control.a(PWM.o)
 .debug_aranges
                0x00000540       0xf0 .\CortexM3\ARM_GCC_541\Debug\Lab2_control.a(UART_1.o)
 .debug_aranges
                0x00000630       0x80 .\CortexM3\ARM_GCC_541\Debug\Lab2_control.a(isr_Timer.o)
 .debug_aranges
                0x000006b0       0x70 .\CortexM3\ARM_GCC_541\Debug\Lab2_control.a(UART_1_IntClock.o)
 .debug_aranges
                0x00000720       0x48 .\CortexM3\ARM_GCC_541\Debug\Lab2_control.a(sensorA.o)
 .debug_aranges
                0x00000768       0x38 .\CortexM3\ARM_GCC_541\Debug\Lab2_control.a(sensorB.o)
 .debug_aranges
                0x000007a0       0x88 .\CortexM3\ARM_GCC_541\Debug\Lab2_control.a(Timer.o)
 .debug_aranges
                0x00000828       0x80 .\CortexM3\ARM_GCC_541\Debug\Lab2_control.a(isr_Vueltas.o)
 .debug_aranges
                0x000008a8       0x20 .\CortexM3\ARM_GCC_541\Debug\Lab2_control.a(CyBootAsmGnu.o)
 .debug_aranges
                0x000008c8       0x88 .\CortexM3\ARM_GCC_541\Debug\Lab2_control.a(CyFlash.o)
 .debug_aranges
                0x00000950       0x80 .\CortexM3\ARM_GCC_541\Debug\Lab2_control.a(CySpc.o)

.debug_pubnames
 *(.debug_pubnames)

.debug_info     0x00000000     0x520c
 *(.debug_info .gnu.linkonce.wi.*)
 .debug_info    0x00000000      0x567 .\CortexM3\ARM_GCC_541\Debug\main.o
 .debug_info    0x00000567      0x513 .\CortexM3\ARM_GCC_541\Debug\cyfitter_cfg.o
 .debug_info    0x00000a7a      0x136 .\CortexM3\ARM_GCC_541\Debug\cymetadata.o
 .debug_info    0x00000bb0      0x3bb .\CortexM3\ARM_GCC_541\Debug\Cm3Start.o
 .debug_info    0x00000f6b      0x11f .\CortexM3\ARM_GCC_541\Debug\Lab2_control.a(giro1.o)
 .debug_info    0x0000108a      0x11f .\CortexM3\ARM_GCC_541\Debug\Lab2_control.a(giro2.o)
 .debug_info    0x000011a9     0x1374 .\CortexM3\ARM_GCC_541\Debug\Lab2_control.a(CyLib.o)
 .debug_info    0x0000251d      0xa2a .\CortexM3\ARM_GCC_541\Debug\Lab2_control.a(cyPm.o)
 .debug_info    0x00002f47      0x334 .\CortexM3\ARM_GCC_541\Debug\Lab2_control.a(PWM.o)
 .debug_info    0x0000327b      0x60c .\CortexM3\ARM_GCC_541\Debug\Lab2_control.a(UART_1.o)
 .debug_info    0x00003887      0x2d2 .\CortexM3\ARM_GCC_541\Debug\Lab2_control.a(isr_Timer.o)
 .debug_info    0x00003b59      0x283 .\CortexM3\ARM_GCC_541\Debug\Lab2_control.a(UART_1_IntClock.o)
 .debug_info    0x00003ddc      0x172 .\CortexM3\ARM_GCC_541\Debug\Lab2_control.a(sensorA.o)
 .debug_info    0x00003f4e      0x11f .\CortexM3\ARM_GCC_541\Debug\Lab2_control.a(sensorB.o)
 .debug_info    0x0000406d      0x293 .\CortexM3\ARM_GCC_541\Debug\Lab2_control.a(Timer.o)
 .debug_info    0x00004300      0x2d2 .\CortexM3\ARM_GCC_541\Debug\Lab2_control.a(isr_Vueltas.o)
 .debug_info    0x000045d2       0x9d .\CortexM3\ARM_GCC_541\Debug\Lab2_control.a(CyBootAsmGnu.o)
 .debug_info    0x0000466f      0x64d .\CortexM3\ARM_GCC_541\Debug\Lab2_control.a(CyFlash.o)
 .debug_info    0x00004cbc      0x550 .\CortexM3\ARM_GCC_541\Debug\Lab2_control.a(CySpc.o)

.debug_abbrev   0x00000000     0x1775
 *(.debug_abbrev)
 .debug_abbrev  0x00000000      0x19a .\CortexM3\ARM_GCC_541\Debug\main.o
 .debug_abbrev  0x0000019a      0x1fe .\CortexM3\ARM_GCC_541\Debug\cyfitter_cfg.o
 .debug_abbrev  0x00000398       0x77 .\CortexM3\ARM_GCC_541\Debug\cymetadata.o
 .debug_abbrev  0x0000040f      0x1e8 .\CortexM3\ARM_GCC_541\Debug\Cm3Start.o
 .debug_abbrev  0x000005f7       0x90 .\CortexM3\ARM_GCC_541\Debug\Lab2_control.a(giro1.o)
 .debug_abbrev  0x00000687       0x90 .\CortexM3\ARM_GCC_541\Debug\Lab2_control.a(giro2.o)
 .debug_abbrev  0x00000717      0x254 .\CortexM3\ARM_GCC_541\Debug\Lab2_control.a(CyLib.o)
 .debug_abbrev  0x0000096b      0x1ab .\CortexM3\ARM_GCC_541\Debug\Lab2_control.a(cyPm.o)
 .debug_abbrev  0x00000b16      0x133 .\CortexM3\ARM_GCC_541\Debug\Lab2_control.a(PWM.o)
 .debug_abbrev  0x00000c49      0x175 .\CortexM3\ARM_GCC_541\Debug\Lab2_control.a(UART_1.o)
 .debug_abbrev  0x00000dbe      0x173 .\CortexM3\ARM_GCC_541\Debug\Lab2_control.a(isr_Timer.o)
 .debug_abbrev  0x00000f31      0x139 .\CortexM3\ARM_GCC_541\Debug\Lab2_control.a(UART_1_IntClock.o)
 .debug_abbrev  0x0000106a       0x9f .\CortexM3\ARM_GCC_541\Debug\Lab2_control.a(sensorA.o)
 .debug_abbrev  0x00001109       0x90 .\CortexM3\ARM_GCC_541\Debug\Lab2_control.a(sensorB.o)
 .debug_abbrev  0x00001199      0x11a .\CortexM3\ARM_GCC_541\Debug\Lab2_control.a(Timer.o)
 .debug_abbrev  0x000012b3      0x173 .\CortexM3\ARM_GCC_541\Debug\Lab2_control.a(isr_Vueltas.o)
 .debug_abbrev  0x00001426       0x14 .\CortexM3\ARM_GCC_541\Debug\Lab2_control.a(CyBootAsmGnu.o)
 .debug_abbrev  0x0000143a      0x1a7 .\CortexM3\ARM_GCC_541\Debug\Lab2_control.a(CyFlash.o)
 .debug_abbrev  0x000015e1      0x194 .\CortexM3\ARM_GCC_541\Debug\Lab2_control.a(CySpc.o)

.debug_line     0x00000000     0x247f
 *(.debug_line)
 .debug_line    0x00000000      0x2de .\CortexM3\ARM_GCC_541\Debug\main.o
 .debug_line    0x000002de      0x1dd .\CortexM3\ARM_GCC_541\Debug\cyfitter_cfg.o
 .debug_line    0x000004bb      0x141 .\CortexM3\ARM_GCC_541\Debug\cymetadata.o
 .debug_line    0x000005fc      0x234 .\CortexM3\ARM_GCC_541\Debug\Cm3Start.o
 .debug_line    0x00000830       0x92 .\CortexM3\ARM_GCC_541\Debug\Lab2_control.a(giro1.o)
 .debug_line    0x000008c2       0x92 .\CortexM3\ARM_GCC_541\Debug\Lab2_control.a(giro2.o)
 .debug_line    0x00000954      0x816 .\CortexM3\ARM_GCC_541\Debug\Lab2_control.a(CyLib.o)
 .debug_line    0x0000116a      0x367 .\CortexM3\ARM_GCC_541\Debug\Lab2_control.a(cyPm.o)
 .debug_line    0x000014d1      0x183 .\CortexM3\ARM_GCC_541\Debug\Lab2_control.a(PWM.o)
 .debug_line    0x00001654      0x2c0 .\CortexM3\ARM_GCC_541\Debug\Lab2_control.a(UART_1.o)
 .debug_line    0x00001914      0x136 .\CortexM3\ARM_GCC_541\Debug\Lab2_control.a(isr_Timer.o)
 .debug_line    0x00001a4a      0x17e .\CortexM3\ARM_GCC_541\Debug\Lab2_control.a(UART_1_IntClock.o)
 .debug_line    0x00001bc8       0xb8 .\CortexM3\ARM_GCC_541\Debug\Lab2_control.a(sensorA.o)
 .debug_line    0x00001c80       0x94 .\CortexM3\ARM_GCC_541\Debug\Lab2_control.a(sensorB.o)
 .debug_line    0x00001d14      0x153 .\CortexM3\ARM_GCC_541\Debug\Lab2_control.a(Timer.o)
 .debug_line    0x00001e67      0x138 .\CortexM3\ARM_GCC_541\Debug\Lab2_control.a(isr_Vueltas.o)
 .debug_line    0x00001f9f       0x66 .\CortexM3\ARM_GCC_541\Debug\Lab2_control.a(CyBootAsmGnu.o)
 .debug_line    0x00002005      0x21a .\CortexM3\ARM_GCC_541\Debug\Lab2_control.a(CyFlash.o)
 .debug_line    0x0000221f      0x260 .\CortexM3\ARM_GCC_541\Debug\Lab2_control.a(CySpc.o)

.debug_frame    0x00000000     0x1b80
 *(.debug_frame)
 .debug_frame   0x00000000       0xe8 .\CortexM3\ARM_GCC_541\Debug\main.o
 .debug_frame   0x000000e8       0xe4 .\CortexM3\ARM_GCC_541\Debug\cyfitter_cfg.o
 .debug_frame   0x000001cc       0xb8 .\CortexM3\ARM_GCC_541\Debug\Cm3Start.o
 .debug_frame   0x00000284       0x50 .\CortexM3\ARM_GCC_541\Debug\Lab2_control.a(giro1.o)
 .debug_frame   0x000002d4       0x50 .\CortexM3\ARM_GCC_541\Debug\Lab2_control.a(giro2.o)
 .debug_frame   0x00000324      0x738 .\CortexM3\ARM_GCC_541\Debug\Lab2_control.a(CyLib.o)
 .debug_frame   0x00000a5c      0x1f8 .\CortexM3\ARM_GCC_541\Debug\Lab2_control.a(cyPm.o)
 .debug_frame   0x00000c54      0x134 .\CortexM3\ARM_GCC_541\Debug\Lab2_control.a(PWM.o)
 .debug_frame   0x00000d88      0x250 .\CortexM3\ARM_GCC_541\Debug\Lab2_control.a(UART_1.o)
 .debug_frame   0x00000fd8      0x104 .\CortexM3\ARM_GCC_541\Debug\Lab2_control.a(isr_Timer.o)
 .debug_frame   0x000010dc       0xe0 .\CortexM3\ARM_GCC_541\Debug\Lab2_control.a(UART_1_IntClock.o)
 .debug_frame   0x000011bc       0x70 .\CortexM3\ARM_GCC_541\Debug\Lab2_control.a(sensorA.o)
 .debug_frame   0x0000122c       0x50 .\CortexM3\ARM_GCC_541\Debug\Lab2_control.a(sensorB.o)
 .debug_frame   0x0000127c      0x108 .\CortexM3\ARM_GCC_541\Debug\Lab2_control.a(Timer.o)
 .debug_frame   0x00001384      0x104 .\CortexM3\ARM_GCC_541\Debug\Lab2_control.a(isr_Vueltas.o)
 .debug_frame   0x00001488      0x194 .\CortexM3\ARM_GCC_541\Debug\Lab2_control.a(CyFlash.o)
 .debug_frame   0x0000161c      0x180 .\CortexM3\ARM_GCC_541\Debug\Lab2_control.a(CySpc.o)
 .debug_frame   0x0000179c       0x20 c:/program files (x86)/cypress/psoc creator/4.4/psoc creator/import/gnu/arm/5.4.1/bin/../lib/gcc/arm-none-eabi/5.4.1/../../../../arm-none-eabi/lib/armv7-m\libg_nano.a(lib_a-errno.o)
 .debug_frame   0x000017bc       0x28 c:/program files (x86)/cypress/psoc creator/4.4/psoc creator/import/gnu/arm/5.4.1/bin/../lib/gcc/arm-none-eabi/5.4.1/../../../../arm-none-eabi/lib/armv7-m\libg_nano.a(lib_a-exit.o)
 .debug_frame   0x000017e4       0x2c c:/program files (x86)/cypress/psoc creator/4.4/psoc creator/import/gnu/arm/5.4.1/bin/../lib/gcc/arm-none-eabi/5.4.1/../../../../arm-none-eabi/lib/armv7-m\libg_nano.a(lib_a-init.o)
 .debug_frame   0x00001810       0x28 c:/program files (x86)/cypress/psoc creator/4.4/psoc creator/import/gnu/arm/5.4.1/bin/../lib/gcc/arm-none-eabi/5.4.1/../../../../arm-none-eabi/lib/armv7-m\libg_nano.a(lib_a-memcpy-stub.o)
 .debug_frame   0x00001838       0x20 c:/program files (x86)/cypress/psoc creator/4.4/psoc creator/import/gnu/arm/5.4.1/bin/../lib/gcc/arm-none-eabi/5.4.1/../../../../arm-none-eabi/lib/armv7-m\libg_nano.a(lib_a-memset.o)
 .debug_frame   0x00001858       0x70 c:/program files (x86)/cypress/psoc creator/4.4/psoc creator/import/gnu/arm/5.4.1/bin/../lib/gcc/arm-none-eabi/5.4.1/../../../../arm-none-eabi/lib/armv7-m\libg_nano.a(lib_a-sprintf.o)
 .debug_frame   0x000018c8       0x90 c:/program files (x86)/cypress/psoc creator/4.4/psoc creator/import/gnu/arm/5.4.1/bin/../lib/gcc/arm-none-eabi/5.4.1/../../../../arm-none-eabi/lib/armv7-m\libg_nano.a(lib_a-nano-svfprintf.o)
 .debug_frame   0x00001958       0x60 c:/program files (x86)/cypress/psoc creator/4.4/psoc creator/import/gnu/arm/5.4.1/bin/../lib/gcc/arm-none-eabi/5.4.1/../../../../arm-none-eabi/lib/armv7-m\libg_nano.a(lib_a-nano-vfprintf_i.o)
 .debug_frame   0x000019b8       0x28 c:/program files (x86)/cypress/psoc creator/4.4/psoc creator/import/gnu/arm/5.4.1/bin/../lib/gcc/arm-none-eabi/5.4.1/../../../../arm-none-eabi/lib/armv7-m\libg_nano.a(lib_a-memchr-stub.o)
 .debug_frame   0x000019e0       0x28 c:/program files (x86)/cypress/psoc creator/4.4/psoc creator/import/gnu/arm/5.4.1/bin/../lib/gcc/arm-none-eabi/5.4.1/../../../../arm-none-eabi/lib/armv7-m\libg_nano.a(lib_a-memmove.o)
 .debug_frame   0x00001a08       0x38 c:/program files (x86)/cypress/psoc creator/4.4/psoc creator/import/gnu/arm/5.4.1/bin/../lib/gcc/arm-none-eabi/5.4.1/../../../../arm-none-eabi/lib/armv7-m\libg_nano.a(lib_a-nano-freer.o)
 .debug_frame   0x00001a40       0x2c c:/program files (x86)/cypress/psoc creator/4.4/psoc creator/import/gnu/arm/5.4.1/bin/../lib/gcc/arm-none-eabi/5.4.1/../../../../arm-none-eabi/lib/armv7-m\libg_nano.a(lib_a-nano-mallocr.o)
 .debug_frame   0x00001a6c       0x3c c:/program files (x86)/cypress/psoc creator/4.4/psoc creator/import/gnu/arm/5.4.1/bin/../lib/gcc/arm-none-eabi/5.4.1/../../../../arm-none-eabi/lib/armv7-m\libg_nano.a(lib_a-nano-reallocr.o)
 .debug_frame   0x00001aa8       0x2c c:/program files (x86)/cypress/psoc creator/4.4/psoc creator/import/gnu/arm/5.4.1/bin/../lib/gcc/arm-none-eabi/5.4.1/../../../../arm-none-eabi/lib/armv7-m\libg_nano.a(lib_a-sbrkr.o)
 .debug_frame   0x00001ad4       0x30 c:/program files (x86)/cypress/psoc creator/4.4/psoc creator/import/gnu/arm/5.4.1/bin/../lib/gcc/arm-none-eabi/5.4.1/../../../../arm-none-eabi/lib/armv7-m\libg_nano.a(lib_a-mlock.o)
 .debug_frame   0x00001b04       0x20 c:/program files (x86)/cypress/psoc creator/4.4/psoc creator/import/gnu/arm/5.4.1/bin/../lib/gcc/arm-none-eabi/5.4.1/../../../../arm-none-eabi/lib/armv7-m\libg_nano.a(lib_a-nano-msizer.o)
 .debug_frame   0x00001b24       0x5c c:/program files (x86)/cypress/psoc creator/4.4/psoc creator/import/gnu/arm/5.4.1/bin/../lib/gcc/arm-none-eabi/5.4.1/../../../../arm-none-eabi/lib/armv7-m\libg_nano.a(lib_a-reent.o)

.debug_str      0x00000000     0x1ef4
 *(.debug_str)
 .debug_str     0x00000000      0x365 .\CortexM3\ARM_GCC_541\Debug\main.o
                                0x3c3 (size before relaxing)
 .debug_str     0x00000365      0x17b .\CortexM3\ARM_GCC_541\Debug\cyfitter_cfg.o
                                0x31c (size before relaxing)
 .debug_str     0x000004e0       0x7f .\CortexM3\ARM_GCC_541\Debug\cymetadata.o
                                0x1f1 (size before relaxing)
 .debug_str     0x0000055f      0x13f .\CortexM3\ARM_GCC_541\Debug\Cm3Start.o
                                0x317 (size before relaxing)
 .debug_str     0x0000069e       0x5f .\CortexM3\ARM_GCC_541\Debug\Lab2_control.a(giro1.o)
                                0x1ef (size before relaxing)
 .debug_str     0x000006fd       0x4f .\CortexM3\ARM_GCC_541\Debug\Lab2_control.a(giro2.o)
                                0x1ef (size before relaxing)
 .debug_str     0x0000074c      0x832 .\CortexM3\ARM_GCC_541\Debug\Lab2_control.a(CyLib.o)
                                0xa54 (size before relaxing)
 .debug_str     0x00000f7e      0x365 .\CortexM3\ARM_GCC_541\Debug\Lab2_control.a(cyPm.o)
                                0x740 (size before relaxing)
 .debug_str     0x000012e3      0x15d .\CortexM3\ARM_GCC_541\Debug\Lab2_control.a(PWM.o)
                                0x338 (size before relaxing)
 .debug_str     0x00001440      0x2b0 .\CortexM3\ARM_GCC_541\Debug\Lab2_control.a(UART_1.o)
                                0x4c0 (size before relaxing)
 .debug_str     0x000016f0       0xf5 .\CortexM3\ARM_GCC_541\Debug\Lab2_control.a(isr_Timer.o)
                                0x2eb (size before relaxing)
 .debug_str     0x000017e5      0x197 .\CortexM3\ARM_GCC_541\Debug\Lab2_control.a(UART_1_IntClock.o)
                                0x35b (size before relaxing)
 .debug_str     0x0000197c       0x7a .\CortexM3\ARM_GCC_541\Debug\Lab2_control.a(sensorA.o)
                                0x239 (size before relaxing)
 .debug_str     0x000019f6       0x58 .\CortexM3\ARM_GCC_541\Debug\Lab2_control.a(sensorB.o)
                                0x1f9 (size before relaxing)
 .debug_str     0x00001a4e      0x119 .\CortexM3\ARM_GCC_541\Debug\Lab2_control.a(Timer.o)
                                0x302 (size before relaxing)
 .debug_str     0x00001b67      0x126 .\CortexM3\ARM_GCC_541\Debug\Lab2_control.a(isr_Vueltas.o)
                                0x307 (size before relaxing)
 .debug_str     0x00001c8d      0x1bb .\CortexM3\ARM_GCC_541\Debug\Lab2_control.a(CyFlash.o)
                                0x3cd (size before relaxing)
 .debug_str     0x00001e48       0xac .\CortexM3\ARM_GCC_541\Debug\Lab2_control.a(CySpc.o)
                                0x345 (size before relaxing)

.debug_loc      0x00000000     0x20e9
 *(.debug_loc)
 .debug_loc     0x00000000      0x1a3 .\CortexM3\ARM_GCC_541\Debug\main.o
 .debug_loc     0x000001a3      0x1d7 .\CortexM3\ARM_GCC_541\Debug\cyfitter_cfg.o
 .debug_loc     0x0000037a      0x144 .\CortexM3\ARM_GCC_541\Debug\Cm3Start.o
 .debug_loc     0x000004be       0x42 .\CortexM3\ARM_GCC_541\Debug\Lab2_control.a(giro1.o)
 .debug_loc     0x00000500       0x42 .\CortexM3\ARM_GCC_541\Debug\Lab2_control.a(giro2.o)
 .debug_loc     0x00000542      0xa11 .\CortexM3\ARM_GCC_541\Debug\Lab2_control.a(CyLib.o)
 .debug_loc     0x00000f53      0x1e4 .\CortexM3\ARM_GCC_541\Debug\Lab2_control.a(cyPm.o)
 .debug_loc     0x00001137       0x26 .\CortexM3\ARM_GCC_541\Debug\Lab2_control.a(PWM.o)
 .debug_loc     0x0000115d      0x258 .\CortexM3\ARM_GCC_541\Debug\Lab2_control.a(UART_1.o)
 .debug_loc     0x000013b5       0x56 .\CortexM3\ARM_GCC_541\Debug\Lab2_control.a(isr_Timer.o)
 .debug_loc     0x0000140b      0x12c .\CortexM3\ARM_GCC_541\Debug\Lab2_control.a(UART_1_IntClock.o)
 .debug_loc     0x00001537       0x63 .\CortexM3\ARM_GCC_541\Debug\Lab2_control.a(sensorA.o)
 .debug_loc     0x0000159a       0x42 .\CortexM3\ARM_GCC_541\Debug\Lab2_control.a(sensorB.o)
 .debug_loc     0x000015dc       0x56 .\CortexM3\ARM_GCC_541\Debug\Lab2_control.a(isr_Vueltas.o)
 .debug_loc     0x00001632      0x3b2 .\CortexM3\ARM_GCC_541\Debug\Lab2_control.a(CyFlash.o)
 .debug_loc     0x000019e4      0x705 .\CortexM3\ARM_GCC_541\Debug\Lab2_control.a(CySpc.o)

.debug_macinfo
 *(.debug_macinfo)

.debug_ranges   0x00000000      0x888
 *(.debug_ranges)
 .debug_ranges  0x00000000       0x38 .\CortexM3\ARM_GCC_541\Debug\main.o
 .debug_ranges  0x00000038       0x48 .\CortexM3\ARM_GCC_541\Debug\cyfitter_cfg.o
 .debug_ranges  0x00000080       0x38 .\CortexM3\ARM_GCC_541\Debug\Cm3Start.o
 .debug_ranges  0x000000b8       0x28 .\CortexM3\ARM_GCC_541\Debug\Lab2_control.a(giro1.o)
 .debug_ranges  0x000000e0       0x28 .\CortexM3\ARM_GCC_541\Debug\Lab2_control.a(giro2.o)
 .debug_ranges  0x00000108      0x290 .\CortexM3\ARM_GCC_541\Debug\Lab2_control.a(CyLib.o)
 .debug_ranges  0x00000398       0x88 .\CortexM3\ARM_GCC_541\Debug\Lab2_control.a(cyPm.o)
 .debug_ranges  0x00000420       0x88 .\CortexM3\ARM_GCC_541\Debug\Lab2_control.a(PWM.o)
 .debug_ranges  0x000004a8       0xe0 .\CortexM3\ARM_GCC_541\Debug\Lab2_control.a(UART_1.o)
 .debug_ranges  0x00000588       0x70 .\CortexM3\ARM_GCC_541\Debug\Lab2_control.a(isr_Timer.o)
 .debug_ranges  0x000005f8       0x60 .\CortexM3\ARM_GCC_541\Debug\Lab2_control.a(UART_1_IntClock.o)
 .debug_ranges  0x00000658       0x38 .\CortexM3\ARM_GCC_541\Debug\Lab2_control.a(sensorA.o)
 .debug_ranges  0x00000690       0x28 .\CortexM3\ARM_GCC_541\Debug\Lab2_control.a(sensorB.o)
 .debug_ranges  0x000006b8       0x78 .\CortexM3\ARM_GCC_541\Debug\Lab2_control.a(Timer.o)
 .debug_ranges  0x00000730       0x70 .\CortexM3\ARM_GCC_541\Debug\Lab2_control.a(isr_Vueltas.o)
 .debug_ranges  0x000007a0       0x78 .\CortexM3\ARM_GCC_541\Debug\Lab2_control.a(CyFlash.o)
 .debug_ranges  0x00000818       0x70 .\CortexM3\ARM_GCC_541\Debug\Lab2_control.a(CySpc.o)

.comment        0x00000000       0x6e
 .comment       0x00000000       0x6e .\CortexM3\ARM_GCC_541\Debug\main.o
                                 0x6f (size before relaxing)
 .comment       0x0000006e       0x6f .\CortexM3\ARM_GCC_541\Debug\cyfitter_cfg.o
 .comment       0x0000006e       0x6f .\CortexM3\ARM_GCC_541\Debug\cymetadata.o
 .comment       0x0000006e       0x6f .\CortexM3\ARM_GCC_541\Debug\Cm3Start.o
 .comment       0x0000006e       0x6f .\CortexM3\ARM_GCC_541\Debug\Lab2_control.a(giro1.o)
 .comment       0x0000006e       0x6f .\CortexM3\ARM_GCC_541\Debug\Lab2_control.a(giro2.o)
 .comment       0x0000006e       0x6f .\CortexM3\ARM_GCC_541\Debug\Lab2_control.a(CyLib.o)
 .comment       0x0000006e       0x6f .\CortexM3\ARM_GCC_541\Debug\Lab2_control.a(cyPm.o)
 .comment       0x0000006e       0x6f .\CortexM3\ARM_GCC_541\Debug\Lab2_control.a(PWM.o)
 .comment       0x0000006e       0x6f .\CortexM3\ARM_GCC_541\Debug\Lab2_control.a(UART_1.o)
 .comment       0x0000006e       0x6f .\CortexM3\ARM_GCC_541\Debug\Lab2_control.a(isr_Timer.o)
 .comment       0x0000006e       0x6f .\CortexM3\ARM_GCC_541\Debug\Lab2_control.a(UART_1_IntClock.o)
 .comment       0x0000006e       0x6f .\CortexM3\ARM_GCC_541\Debug\Lab2_control.a(sensorA.o)
 .comment       0x0000006e       0x6f .\CortexM3\ARM_GCC_541\Debug\Lab2_control.a(sensorB.o)
 .comment       0x0000006e       0x6f .\CortexM3\ARM_GCC_541\Debug\Lab2_control.a(Timer.o)
 .comment       0x0000006e       0x6f .\CortexM3\ARM_GCC_541\Debug\Lab2_control.a(isr_Vueltas.o)
 .comment       0x0000006e       0x6f .\CortexM3\ARM_GCC_541\Debug\Lab2_control.a(CyFlash.o)
 .comment       0x0000006e       0x6f .\CortexM3\ARM_GCC_541\Debug\Lab2_control.a(CySpc.o)

.debug_weaknames
 *(.debug_weaknames)

.debug_funcnames
 *(.debug_funcnames)

.debug_typenames
 *(.debug_typenames)

.debug_varnames
 *(.debug_varnames)

.note.gnu.arm.ident
 *(.note.gnu.arm.ident)

.ARM.attributes
                0x00000000       0x29
 *(.ARM.attributes)
 .ARM.attributes
                0x00000000       0x1d c:/program files (x86)/cypress/psoc creator/4.4/psoc creator/import/gnu/arm/5.4.1/bin/../lib/gcc/arm-none-eabi/5.4.1/armv7-m/crti.o
 .ARM.attributes
                0x0000001d       0x2d c:/program files (x86)/cypress/psoc creator/4.4/psoc creator/import/gnu/arm/5.4.1/bin/../lib/gcc/arm-none-eabi/5.4.1/armv7-m/crtbegin.o
 .ARM.attributes
                0x0000004a       0x1b c:/program files (x86)/cypress/psoc creator/4.4/psoc creator/import/gnu/arm/5.4.1/bin/../lib/gcc/arm-none-eabi/5.4.1/../../../../arm-none-eabi/lib/armv7-m/crt0.o
 .ARM.attributes
                0x00000065       0x33 .\CortexM3\ARM_GCC_541\Debug\main.o
 .ARM.attributes
                0x00000098       0x33 .\CortexM3\ARM_GCC_541\Debug\cyfitter_cfg.o
 .ARM.attributes
                0x000000cb       0x33 .\CortexM3\ARM_GCC_541\Debug\cymetadata.o
 .ARM.attributes
                0x000000fe       0x33 .\CortexM3\ARM_GCC_541\Debug\Cm3Start.o
 .ARM.attributes
                0x00000131       0x33 .\CortexM3\ARM_GCC_541\Debug\Lab2_control.a(giro1.o)
 .ARM.attributes
                0x00000164       0x33 .\CortexM3\ARM_GCC_541\Debug\Lab2_control.a(giro2.o)
 .ARM.attributes
                0x00000197       0x33 .\CortexM3\ARM_GCC_541\Debug\Lab2_control.a(CyLib.o)
 .ARM.attributes
                0x000001ca       0x33 .\CortexM3\ARM_GCC_541\Debug\Lab2_control.a(cyPm.o)
 .ARM.attributes
                0x000001fd       0x33 .\CortexM3\ARM_GCC_541\Debug\Lab2_control.a(PWM.o)
 .ARM.attributes
                0x00000230       0x33 .\CortexM3\ARM_GCC_541\Debug\Lab2_control.a(UART_1.o)
 .ARM.attributes
                0x00000263       0x33 .\CortexM3\ARM_GCC_541\Debug\Lab2_control.a(isr_Timer.o)
 .ARM.attributes
                0x00000296       0x33 .\CortexM3\ARM_GCC_541\Debug\Lab2_control.a(UART_1_IntClock.o)
 .ARM.attributes
                0x000002c9       0x33 .\CortexM3\ARM_GCC_541\Debug\Lab2_control.a(sensorA.o)
 .ARM.attributes
                0x000002fc       0x33 .\CortexM3\ARM_GCC_541\Debug\Lab2_control.a(sensorB.o)
 .ARM.attributes
                0x0000032f       0x33 .\CortexM3\ARM_GCC_541\Debug\Lab2_control.a(Timer.o)
 .ARM.attributes
                0x00000362       0x33 .\CortexM3\ARM_GCC_541\Debug\Lab2_control.a(isr_Vueltas.o)
 .ARM.attributes
                0x00000395       0x21 .\CortexM3\ARM_GCC_541\Debug\Lab2_control.a(CyBootAsmGnu.o)
 .ARM.attributes
                0x000003b6       0x33 .\CortexM3\ARM_GCC_541\Debug\Lab2_control.a(CyFlash.o)
 .ARM.attributes
                0x000003e9       0x33 .\CortexM3\ARM_GCC_541\Debug\Lab2_control.a(CySpc.o)
 .ARM.attributes
                0x0000041c       0x1d c:/program files (x86)/cypress/psoc creator/4.4/psoc creator/import/gnu/arm/5.4.1/bin/../lib/gcc/arm-none-eabi/5.4.1/armv7-m\libgcc.a(_arm_addsubdf3.o)
 .ARM.attributes
                0x00000439       0x1d c:/program files (x86)/cypress/psoc creator/4.4/psoc creator/import/gnu/arm/5.4.1/bin/../lib/gcc/arm-none-eabi/5.4.1/armv7-m\libgcc.a(_arm_muldivdf3.o)
 .ARM.attributes
                0x00000456       0x1d c:/program files (x86)/cypress/psoc creator/4.4/psoc creator/import/gnu/arm/5.4.1/bin/../lib/gcc/arm-none-eabi/5.4.1/armv7-m\libgcc.a(_arm_cmpdf2.o)
 .ARM.attributes
                0x00000473       0x2d c:/program files (x86)/cypress/psoc creator/4.4/psoc creator/import/gnu/arm/5.4.1/bin/../lib/gcc/arm-none-eabi/5.4.1/../../../../arm-none-eabi/lib/armv7-m\libg_nano.a(lib_a-errno.o)
 .ARM.attributes
                0x000004a0       0x2d c:/program files (x86)/cypress/psoc creator/4.4/psoc creator/import/gnu/arm/5.4.1/bin/../lib/gcc/arm-none-eabi/5.4.1/../../../../arm-none-eabi/lib/armv7-m\libg_nano.a(lib_a-exit.o)
 .ARM.attributes
                0x000004cd       0x2d c:/program files (x86)/cypress/psoc creator/4.4/psoc creator/import/gnu/arm/5.4.1/bin/../lib/gcc/arm-none-eabi/5.4.1/../../../../arm-none-eabi/lib/armv7-m\libg_nano.a(lib_a-impure.o)
 .ARM.attributes
                0x000004fa       0x2d c:/program files (x86)/cypress/psoc creator/4.4/psoc creator/import/gnu/arm/5.4.1/bin/../lib/gcc/arm-none-eabi/5.4.1/../../../../arm-none-eabi/lib/armv7-m\libg_nano.a(lib_a-init.o)
 .ARM.attributes
                0x00000527       0x2d c:/program files (x86)/cypress/psoc creator/4.4/psoc creator/import/gnu/arm/5.4.1/bin/../lib/gcc/arm-none-eabi/5.4.1/../../../../arm-none-eabi/lib/armv7-m\libg_nano.a(lib_a-memcpy-stub.o)
 .ARM.attributes
                0x00000554       0x2d c:/program files (x86)/cypress/psoc creator/4.4/psoc creator/import/gnu/arm/5.4.1/bin/../lib/gcc/arm-none-eabi/5.4.1/../../../../arm-none-eabi/lib/armv7-m\libg_nano.a(lib_a-memset.o)
 .ARM.attributes
                0x00000581       0x2d c:/program files (x86)/cypress/psoc creator/4.4/psoc creator/import/gnu/arm/5.4.1/bin/../lib/gcc/arm-none-eabi/5.4.1/../../../../arm-none-eabi/lib/armv7-m\libg_nano.a(lib_a-sprintf.o)
 .ARM.attributes
                0x000005ae       0x2d c:/program files (x86)/cypress/psoc creator/4.4/psoc creator/import/gnu/arm/5.4.1/bin/../lib/gcc/arm-none-eabi/5.4.1/../../../../arm-none-eabi/lib/armv7-m\libg_nano.a(lib_a-nano-svfprintf.o)
 .ARM.attributes
                0x000005db       0x2d c:/program files (x86)/cypress/psoc creator/4.4/psoc creator/import/gnu/arm/5.4.1/bin/../lib/gcc/arm-none-eabi/5.4.1/../../../../arm-none-eabi/lib/armv7-m\libg_nano.a(lib_a-nano-vfprintf_i.o)
 .ARM.attributes
                0x00000608       0x2d c:/program files (x86)/cypress/psoc creator/4.4/psoc creator/import/gnu/arm/5.4.1/bin/../lib/gcc/arm-none-eabi/5.4.1/../../../../arm-none-eabi/lib/armv7-m\libg_nano.a(lib_a-memchr-stub.o)
 .ARM.attributes
                0x00000635       0x2d c:/program files (x86)/cypress/psoc creator/4.4/psoc creator/import/gnu/arm/5.4.1/bin/../lib/gcc/arm-none-eabi/5.4.1/../../../../arm-none-eabi/lib/armv7-m\libg_nano.a(lib_a-memmove.o)
 .ARM.attributes
                0x00000662       0x2d c:/program files (x86)/cypress/psoc creator/4.4/psoc creator/import/gnu/arm/5.4.1/bin/../lib/gcc/arm-none-eabi/5.4.1/../../../../arm-none-eabi/lib/armv7-m\libg_nano.a(lib_a-nano-freer.o)
 .ARM.attributes
                0x0000068f       0x2d c:/program files (x86)/cypress/psoc creator/4.4/psoc creator/import/gnu/arm/5.4.1/bin/../lib/gcc/arm-none-eabi/5.4.1/../../../../arm-none-eabi/lib/armv7-m\libg_nano.a(lib_a-nano-mallocr.o)
 .ARM.attributes
                0x000006bc       0x2d c:/program files (x86)/cypress/psoc creator/4.4/psoc creator/import/gnu/arm/5.4.1/bin/../lib/gcc/arm-none-eabi/5.4.1/../../../../arm-none-eabi/lib/armv7-m\libg_nano.a(lib_a-nano-reallocr.o)
 .ARM.attributes
                0x000006e9       0x2d c:/program files (x86)/cypress/psoc creator/4.4/psoc creator/import/gnu/arm/5.4.1/bin/../lib/gcc/arm-none-eabi/5.4.1/../../../../arm-none-eabi/lib/armv7-m\libg_nano.a(lib_a-sbrkr.o)
 .ARM.attributes
                0x00000716       0x2d c:/program files (x86)/cypress/psoc creator/4.4/psoc creator/import/gnu/arm/5.4.1/bin/../lib/gcc/arm-none-eabi/5.4.1/../../../../arm-none-eabi/lib/armv7-m\libg_nano.a(lib_a-mlock.o)
 .ARM.attributes
                0x00000743       0x2d c:/program files (x86)/cypress/psoc creator/4.4/psoc creator/import/gnu/arm/5.4.1/bin/../lib/gcc/arm-none-eabi/5.4.1/../../../../arm-none-eabi/lib/armv7-m\libg_nano.a(lib_a-nano-msizer.o)
 .ARM.attributes
                0x00000770       0x2d c:/program files (x86)/cypress/psoc creator/4.4/psoc creator/import/gnu/arm/5.4.1/bin/../lib/gcc/arm-none-eabi/5.4.1/../../../../arm-none-eabi/lib/armv7-m\libg_nano.a(lib_a-reent.o)
 .ARM.attributes
                0x0000079d       0x2d c:/program files (x86)/cypress/psoc creator/4.4/psoc creator/import/gnu/arm/5.4.1/bin/../lib/gcc/arm-none-eabi/5.4.1/armv7-m/crtend.o
 .ARM.attributes
                0x000007ca       0x1d c:/program files (x86)/cypress/psoc creator/4.4/psoc creator/import/gnu/arm/5.4.1/bin/../lib/gcc/arm-none-eabi/5.4.1/armv7-m/crtn.o

/DISCARD/
 *(.note.GNU-stack)
OUTPUT(C:\Users\santa\Downloads\Laboratorio2_ControlI\Lab2_control\Lab2_control.cydsn\CortexM3\ARM_GCC_541\Debug\Lab2_control.elf elf32-littlearm)
